============================= test session starts =============================
platform win32 -- Python 3.14.0, pytest-9.0.2, pluggy-1.6.0
rootdir: D:\code\tradingBot
configfile: pytest.ini
plugins: asyncio-1.3.0, cov-7.0.0, mock-3.15.1
asyncio: mode=Mode.AUTO, debug=False, asyncio_default_fixture_loop_scope=function, asyncio_default_test_loop_scope=function
collected 0 items / 1 error

=================================== ERRORS ====================================
______________ ERROR collecting tests/test_bms_v2_1_holistic.py _______________
ImportError while importing test module 'D:\code\tradingBot\tests\test_bms_v2_1_holistic.py'.
Hint: make sure your test modules/packages have valid Python names.
Traceback:
C:\Users\Khai\AppData\Local\Python\pythoncore-3.14-64\Lib\importlib\__init__.py:88: in import_module
    return _bootstrap._gcd_import(name[level:], package, level)
           ^^^^^^^^^^^^^^^^^^^^^^^^^^^^^^^^^^^^^^^^^^^^^^^^^^^^
tests\test_bms_v2_1_holistic.py:7: in <module>
    from src.domain.entities import Trade
E   ModuleNotFoundError: No module named 'src.domain.entities'
=========================== short test summary info ===========================
ERROR tests/test_bms_v2_1_holistic.py
!!!!!!!!!!!!!!!!!!! Interrupted: 1 error during collection !!!!!!!!!!!!!!!!!!!!
============================== 1 error in 0.82s ===============================
